c:\code\testingground\tun\windriver\x64\debug\vc143.pdb
c:\code\testingground\tun\windriver\x64\debug\ringbuffer.obj
c:\code\testingground\tun\windriver\x64\debug\ioctl.obj
c:\code\testingground\tun\windriver\x64\debug\driver.obj
c:\code\testingground\tun\windriver\x64\debug\adapter.obj
c:\code\testingground\tun\windriver\x64\debug\ndistun.sys
c:\code\testingground\tun\windriver\x64\debug\ndistun.pdb
c:\code\testingground\tun\windriver\x64\debug\ndistun.inf
c:\code\testingground\tun\windriver\x64\debug\ndistun.tlog\cl.command.1.tlog
c:\code\testingground\tun\windriver\x64\debug\ndistun.tlog\cl.read.1.tlog
c:\code\testingground\tun\windriver\x64\debug\ndistun.tlog\cl.write.1.tlog
c:\code\testingground\tun\windriver\x64\debug\ndistun.tlog\link.command.1.tlog
c:\code\testingground\tun\windriver\x64\debug\ndistun.tlog\link.read.1.tlog
c:\code\testingground\tun\windriver\x64\debug\ndistun.tlog\link.secondary.1.tlog
c:\code\testingground\tun\windriver\x64\debug\ndistun.tlog\link.write.1.tlog
c:\code\testingground\tun\windriver\x64\debug\ndistun.tlog\signtool.command.1.tlog
c:\code\testingground\tun\windriver\x64\debug\ndistun.tlog\signtool.timestamp.1.tlog
c:\code\testingground\tun\windriver\x64\debug\ndistun.tlog\stampinf.command.1.tlog
c:\code\testingground\tun\windriver\x64\debug\ndistun.tlog\stampinf.read.1.tlog
c:\code\testingground\tun\windriver\x64\debug\ndistun.tlog\stampinf.write.1.tlog
