  Building 'NdisTun' with toolset 'WindowsKernelModeDriver10.0' and the 'Desktop' target platform.
  Stamping x64\Debug\NdisTun.inf
  Stamping [Version] section with DriverVer=05/07/2026,21.51.22.185
  Ioctl.cpp
C:\Code\TestingGround\TUN\WinDriver\Common.hpp(8,12): warning C4996: 'ExAllocatePoolWithTag': ExAllocatePoolWithTag is deprecated, use ExAllocatePool2.
  (compiling source file 'Ioctl.cpp')
  
C:\Code\TestingGround\TUN\WinDriver\Common.hpp(11,21): warning C4595: 'operator delete': non-member operator new or delete functions may not be declared inline
  (compiling source file 'Ioctl.cpp')
  
C:\Code\TestingGround\TUN\WinDriver\Common.hpp(16,21): warning C4595: 'operator delete': non-member operator new or delete functions may not be declared inline
  (compiling source file 'Ioctl.cpp')
  
C:\Code\TestingGround\TUN\WinDriver\Ioctl.cpp(34,14): error C3861: 'NdisMRegisterDeviceEx': identifier not found
C:\Code\TestingGround\TUN\WinDriver\Ioctl.cpp(45,9): error C3861: 'NdisMDeregisterDeviceEx': identifier not found
C:\Code\TestingGround\TUN\WinDriver\Ioctl.cpp(108,28): warning C4996: 'ExAllocatePoolWithTag': ExAllocatePoolWithTag is deprecated, use ExAllocatePool2.
  RingBuffer.cpp
C:\Code\TestingGround\TUN\WinDriver\Common.hpp(8,12): warning C4996: 'ExAllocatePoolWithTag': ExAllocatePoolWithTag is deprecated, use ExAllocatePool2.
  (compiling source file 'RingBuffer.cpp')
  
C:\Code\TestingGround\TUN\WinDriver\Common.hpp(11,21): warning C4595: 'operator delete': non-member operator new or delete functions may not be declared inline
  (compiling source file 'RingBuffer.cpp')
  
C:\Code\TestingGround\TUN\WinDriver\Common.hpp(16,21): warning C4595: 'operator delete': non-member operator new or delete functions may not be declared inline
  (compiling source file 'RingBuffer.cpp')
  
C:\Code\TestingGround\TUN\WinDriver\RingBuffer.cpp(6,29): warning C4996: 'ExAllocatePoolWithTag': ExAllocatePoolWithTag is deprecated, use ExAllocatePool2.
  Generating Code...
